../Src/main.c:48:5:main	8	static
../Src/main.c:83:6:serial_plot_orig_sig_and_idft_sig	16	static
../Src/main.c:94:6:serial_plot_ecg_signal	16	static
../Src/main.c:103:6:serial_plot_rex	16	static
../Src/main.c:111:6:get_dft_output_mag	16	static
../Src/main.c:121:6:calc_sig_idft	48	static
../Src/main.c:161:6:calc_sig_dft	56	static
../Src/main.c:187:13:plot_impulse_response	16	static
../Src/main.c:196:13:serial_plot_impulse_response	16	static
../Src/main.c:206:13:plot_input_signal	16	static
../Src/main.c:216:13:serial_plot_input_signal	16	static
../Src/main.c:225:13:serial_plot_input_sig	16	static
../Src/main.c:233:13:serial_plot_output_sig	16	static
../Src/main.c:243:6:serial_plot_all	16	static
../Src/main.c:254:13:pseudo_dly	24	static
../Src/main.c:261:13:fpu_enable	4	static
