../Src/main.c:57:5:main	8	static
../Src/main.c:82:6:serial_plot_orig_sig_and_idft_sig	16	static
../Src/main.c:93:6:serial_plot_ecg_signal	16	static
../Src/main.c:102:6:serial_plot_rex	16	static
../Src/main.c:110:6:get_dft_output_mag	16	static
../Src/main.c:120:6:calc_sig_idft	48	static
../Src/main.c:160:6:calc_sig_dft	56	static
../Src/main.c:186:13:plot_impulse_response	16	static
../Src/main.c:195:13:serial_plot_impulse_response	16	static
../Src/main.c:205:13:plot_input_signal	16	static
../Src/main.c:215:13:serial_plot_input_signal	16	static
../Src/main.c:224:13:serial_plot_input_sig	16	static
../Src/main.c:232:13:serial_plot_output_sig	16	static
../Src/main.c:242:6:serial_plot_all	16	static
../Src/main.c:253:13:pseudo_dly	24	static
../Src/main.c:260:13:fpu_enable	4	static
../Src/main.c:273:6:convolution	40	static
