14:31:35 **** Incremental Build of configuration Debug for project 14_DynamicPerformanceOfCMSIS_DSP ****
make -j4 all 
arm-none-eabi-gcc "../Src/main.c" -mcpu=cortex-m4 -std=gnu11 -g3 -DDEBUG -DSTM32 -DSTM32F4 -DSTM32F411RETx -DSTM32F411xE -DARM_MATH_CM4 -D__FPU_PRESENT -c -I../Inc -I"D:/Programming/Dsp_on_arm/1_plotting_signal_with_logicanalyzer/chip_headers/CMSIS/Include" -I"D:/Programming/Dsp_on_arm/1_plotting_signal_with_logicanalyzer/chip_headers/CMSIS/Device/ST/STM32F4xx/Include" -I"D:/STMF32/Dsp_on_arm/1_plotting_signal_with_logicanalyzer/chip_headers/CMSIS/Include" -I"D:/STMF32/Dsp_on_arm/1_plotting_signal_with_logicanalyzer/chip_headers/CMSIS/Device/ST/STM32F4xx/Include" -I"D:/Programming/Dsp_on_arm/5.Testing_cmsis-dsp_float32/chip_headers/CMSIS/DSP/Include" -O0 -ffunction-sections -fdata-sections -Wall -fstack-usage -MMD -MP -MF"Src/main.d" -MT"Src/main.o" --specs=nano.specs -mfpu=fpv4-sp-d16 -mfloat-abi=hard -mthumb -o "Src/main.o"
In file included from D:/Programming/Dsp_on_arm/1_plotting_signal_with_logicanalyzer/chip_headers/CMSIS/Device/ST/STM32F4xx/Include/stm32f4xx.h:154,
                 from ../Src/main.c:1:
D:/Programming/Dsp_on_arm/1_plotting_signal_with_logicanalyzer/chip_headers/CMSIS/Device/ST/STM32F4xx/Include/stm32f411xe.h:51: warning: "__FPU_PRESENT" redefined
   51 | #define __FPU_PRESENT             1U       /*!< FPU present                                   */
      | 
<command-line>: note: this is the location of the previous definition
../Src/main.c:171:13: warning: 'serial_plot_output_sig' defined but not used [-Wunused-function]
  171 | static void serial_plot_output_sig(void)
      |             ^~~~~~~~~~~~~~~~~~~~~~
../Src/main.c:163:13: warning: 'serial_plot_input_sig' defined but not used [-Wunused-function]
  163 | static void serial_plot_input_sig(void)
      |             ^~~~~~~~~~~~~~~~~~~~~
../Src/main.c:154:13: warning: 'serial_plot_input_signal' defined but not used [-Wunused-function]
  154 | static void serial_plot_input_signal(void){
      |             ^~~~~~~~~~~~~~~~~~~~~~~~
../Src/main.c:144:13: warning: 'plot_input_signal' defined but not used [-Wunused-function]
  144 | static void plot_input_signal(void){
      |             ^~~~~~~~~~~~~~~~~
../Src/main.c:134:13: warning: 'serial_plot_impulse_response' defined but not used [-Wunused-function]
  134 | static void serial_plot_impulse_response(void)
      |             ^~~~~~~~~~~~~~~~~~~~~~~~~~~~
../Src/main.c:125:13: warning: 'plot_impulse_response' defined but not used [-Wunused-function]
  125 | static void plot_impulse_response(void)
      |             ^~~~~~~~~~~~~~~~~~~~~
arm-none-eabi-gcc -o "14_DynamicPerformanceOfCMSIS_DSP.elf" @"objects.list"  -larm_cortexM4lf_math -mcpu=cortex-m4 -T"D:\Programming\Dsp_on_arm\14_DynamicPerformanceOfCMSIS_DSP\STM32F411RETX_FLASH.ld" --specs=nosys.specs -Wl,-Map="14_DynamicPerformanceOfCMSIS_DSP.map" -Wl,--gc-sections -static -L"D:\Programming\Dsp_on_arm\14_DynamicPerformanceOfCMSIS_DSP\chip_headers\CMSIS\Lib\GCC" --specs=nano.specs -mfpu=fpv4-sp-d16 -mfloat-abi=hard -mthumb -u _printf_float -u _scanf_float -Wl,--start-group -lc -lm -Wl,--end-group
Finished building target: 14_DynamicPerformanceOfCMSIS_DSP.elf
 
arm-none-eabi-size   14_DynamicPerformanceOfCMSIS_DSP.elf 
arm-none-eabi-objdump -h -S  14_DynamicPerformanceOfCMSIS_DSP.elf  > "14_DynamicPerformanceOfCMSIS_DSP.list"
   text	   data	    bss	    dec	    hex	filename
  26172	   1872	   3000	  31044	   7944	14_DynamicPerformanceOfCMSIS_DSP.elf
Finished building: default.size.stdout
 
Finished building: 14_DynamicPerformanceOfCMSIS_DSP.list
 

14:31:36 Build Finished. 0 errors, 7 warnings. (took 1s.329ms)

