21:41:26 **** Incremental Build of configuration Debug for project 24_ADC_Driver ****
make -j8 all 
arm-none-eabi-gcc "../Src/main.c" -mcpu=cortex-m4 -std=gnu11 -g3 -DDEBUG -DSTM32 -DSTM32F4 -DSTM32F411RETx -DSTM32F411xE -DARM_MATH_CM4 -D__FPU_PRESENT -c -I../Inc -I"D:/Programming/Dsp_on_arm/1_plotting_signal_with_logicanalyzer/chip_headers/CMSIS/Include" -I"D:/Programming/Dsp_on_arm/1_plotting_signal_with_logicanalyzer/chip_headers/CMSIS/Device/ST/STM32F4xx/Include" -I"D:/STMF32/Dsp_on_arm/1_plotting_signal_with_logicanalyzer/chip_headers/CMSIS/Include" -I"D:/STMF32/Dsp_on_arm/1_plotting_signal_with_logicanalyzer/chip_headers/CMSIS/Device/ST/STM32F4xx/Include" -I"D:/Programming/Dsp_on_arm/5.Testing_cmsis-dsp_float32/chip_headers/CMSIS/DSP/Include" -O0 -ffunction-sections -fdata-sections -Wall -fstack-usage -MMD -MP -MF"Src/main.d" -MT"Src/main.o" --specs=nano.specs -mfpu=fpv4-sp-d16 -mfloat-abi=hard -mthumb -o "Src/main.o"
In file included from D:/Programming/Dsp_on_arm/1_plotting_signal_with_logicanalyzer/chip_headers/CMSIS/Device/ST/STM32F4xx/Include/stm32f4xx.h:154,
                 from ../Src/main.c:1:
D:/Programming/Dsp_on_arm/1_plotting_signal_with_logicanalyzer/chip_headers/CMSIS/Device/ST/STM32F4xx/Include/stm32f411xe.h:51: warning: "__FPU_PRESENT" redefined
   51 | #define __FPU_PRESENT             1U       /*!< FPU present                                   */
      | 
<command-line>: note: this is the location of the previous definition
../Src/main.c: In function 'main':
../Src/main.c:31:2: warning: implicit declaration of function 'clock_100MHz_config' [-Wimplicit-function-declaration]
   31 |  clock_100MHz_config();
      |  ^~~~~~~~~~~~~~~~~~~
At top level:
../Src/main.c:90:13: warning: 'serial_plot_input_sig' defined but not used [-Wunused-function]
   90 | static void serial_plot_input_sig(void) {
      |             ^~~~~~~~~~~~~~~~~~~~~
../Src/main.c:80:13: warning: 'plot_input_signal' defined but not used [-Wunused-function]
   80 | static void plot_input_signal(void){
      |             ^~~~~~~~~~~~~~~~~
../Src/main.c:71:13: warning: 'serial_plot_both_sig' defined but not used [-Wunused-function]
   71 | static void serial_plot_both_sig(void) {
      |             ^~~~~~~~~~~~~~~~~~~~
arm-none-eabi-gcc -o "24_ADC_Driver.elf" @"objects.list"  -larm_cortexM4lf_math -mcpu=cortex-m4 -T"D:\Programming\Dsp_on_arm\24_ADC_Driver\STM32F411RETX_FLASH.ld" --specs=nosys.specs -Wl,-Map="24_ADC_Driver.map" -Wl,--gc-sections -static -L"D:\Programming\Dsp_on_arm\24_ADC_Driver\chip_headers\CMSIS\Lib\GCC" --specs=nano.specs -mfpu=fpv4-sp-d16 -mfloat-abi=hard -mthumb -u _printf_float -u _scanf_float -Wl,--start-group -lc -lm -Wl,--end-group
Finished building target: 24_ADC_Driver.elf
 
arm-none-eabi-size   24_ADC_Driver.elf 
arm-none-eabi-objdump -h -S  24_ADC_Driver.elf  > "24_ADC_Driver.list"
   text	   data	    bss	    dec	    hex	filename
  24652	    476	   1588	  26716	   685c	24_ADC_Driver.elf
Finished building: default.size.stdout
 
Finished building: 24_ADC_Driver.list
 

21:41:26 Build Finished. 0 errors, 5 warnings. (took 678ms)

